                                      1 ;--------------------------------------------------------
                                      2 ; File Created by SDCC : free open source ISO C Compiler 
                                      3 ; Version 4.4.0 #14620 (Linux)
                                      4 ;--------------------------------------------------------
                                      5 	.module stm8s_wwdg_WWDG_SetCounter
                                      6 	.optsdcc -mstm8
                                      7 	
                                      8 ;--------------------------------------------------------
                                      9 ; Public variables in this module
                                     10 ;--------------------------------------------------------
                                     11 	.globl _WWDG_SetCounter
                                     12 ;--------------------------------------------------------
                                     13 ; ram data
                                     14 ;--------------------------------------------------------
                                     15 	.area DATA
                                     16 ;--------------------------------------------------------
                                     17 ; ram data
                                     18 ;--------------------------------------------------------
                                     19 	.area INITIALIZED
                                     20 ;--------------------------------------------------------
                                     21 ; absolute external ram data
                                     22 ;--------------------------------------------------------
                                     23 	.area DABS (ABS)
                                     24 
                                     25 ; default segment ordering for linker
                                     26 	.area HOME
                                     27 	.area GSINIT
                                     28 	.area GSFINAL
                                     29 	.area CONST
                                     30 	.area INITIALIZER
                                     31 	.area CODE
                                     32 
                                     33 ;--------------------------------------------------------
                                     34 ; global & static initialisations
                                     35 ;--------------------------------------------------------
                                     36 	.area HOME
                                     37 	.area GSINIT
                                     38 	.area GSFINAL
                                     39 	.area GSINIT
                                     40 ;--------------------------------------------------------
                                     41 ; Home
                                     42 ;--------------------------------------------------------
                                     43 	.area HOME
                                     44 	.area HOME
                                     45 ;--------------------------------------------------------
                                     46 ; code
                                     47 ;--------------------------------------------------------
                                     48 	.area CODE
                                     49 ;	../SPLSPL/src/stm8s_wwdg_WWDG_SetCounter.c: 38: void WWDG_SetCounter(uint8_t Counter)
                                     50 ; genLabel
                                     51 ;	-----------------------------------------
                                     52 ;	 function WWDG_SetCounter
                                     53 ;	-----------------------------------------
                                     54 ;	Register assignment is optimal.
                                     55 ;	Stack space usage: 0 bytes.
      000000                         56 _WWDG_SetCounter:
                                     57 ; genReceive
                                     58 ;	../SPLSPL/src/stm8s_wwdg_WWDG_SetCounter.c: 45: WWDG->CR = (uint8_t)(Counter & (uint8_t)BIT_MASK);
                                     59 ; genAnd
      000000 A4 7F            [ 1]   60 	and	a, #0x7f
                                     61 ; genPointerSet
      000002 C7 50 D1         [ 1]   62 	ld	0x50d1, a
                                     63 ; genLabel
      000005                         64 00101$:
                                     65 ;	../SPLSPL/src/stm8s_wwdg_WWDG_SetCounter.c: 46: }
                                     66 ; genEndFunction
      000005 81               [ 4]   67 	ret
                                     68 	.area CODE
                                     69 	.area CONST
                                     70 	.area INITIALIZER
                                     71 	.area CABS (ABS)
