                                      1 ;--------------------------------------------------------
                                      2 ; File Created by SDCC : free open source ISO C Compiler 
                                      3 ; Version 4.4.0 #14620 (Linux)
                                      4 ;--------------------------------------------------------
                                      5 	.module stm8s_tim1_TIM1_SelectSlaveMode
                                      6 	.optsdcc -mstm8
                                      7 	
                                      8 ;--------------------------------------------------------
                                      9 ; Public variables in this module
                                     10 ;--------------------------------------------------------
                                     11 	.globl _TIM1_SelectSlaveMode
                                     12 ;--------------------------------------------------------
                                     13 ; ram data
                                     14 ;--------------------------------------------------------
                                     15 	.area DATA
                                     16 ;--------------------------------------------------------
                                     17 ; ram data
                                     18 ;--------------------------------------------------------
                                     19 	.area INITIALIZED
                                     20 ;--------------------------------------------------------
                                     21 ; absolute external ram data
                                     22 ;--------------------------------------------------------
                                     23 	.area DABS (ABS)
                                     24 
                                     25 ; default segment ordering for linker
                                     26 	.area HOME
                                     27 	.area GSINIT
                                     28 	.area GSFINAL
                                     29 	.area CONST
                                     30 	.area INITIALIZER
                                     31 	.area CODE
                                     32 
                                     33 ;--------------------------------------------------------
                                     34 ; global & static initialisations
                                     35 ;--------------------------------------------------------
                                     36 	.area HOME
                                     37 	.area GSINIT
                                     38 	.area GSFINAL
                                     39 	.area GSINIT
                                     40 ;--------------------------------------------------------
                                     41 ; Home
                                     42 ;--------------------------------------------------------
                                     43 	.area HOME
                                     44 	.area HOME
                                     45 ;--------------------------------------------------------
                                     46 ; code
                                     47 ;--------------------------------------------------------
                                     48 	.area CODE
                                     49 ;	../SPLSPL/src/stm8s_tim1_TIM1_SelectSlaveMode.c: 41: void TIM1_SelectSlaveMode(TIM1_SlaveMode_TypeDef TIM1_SlaveMode)
                                     50 ; genLabel
                                     51 ;	-----------------------------------------
                                     52 ;	 function TIM1_SelectSlaveMode
                                     53 ;	-----------------------------------------
                                     54 ;	Register assignment is optimal.
                                     55 ;	Stack space usage: 1 bytes.
      000000                         56 _TIM1_SelectSlaveMode:
      000000 88               [ 1]   57 	push	a
                                     58 ; genReceive
      000001 6B 01            [ 1]   59 	ld	(0x01, sp), a
                                     60 ;	../SPLSPL/src/stm8s_tim1_TIM1_SelectSlaveMode.c: 47: TIM1->SMCR = (uint8_t)((uint8_t)(TIM1->SMCR & (uint8_t)(~TIM1_SMCR_SMS)) |
                                     61 ; genPointerGet
      000003 C6 52 52         [ 1]   62 	ld	a, 0x5252
                                     63 ; genAnd
      000006 A4 F8            [ 1]   64 	and	a, #0xf8
                                     65 ;	../SPLSPL/src/stm8s_tim1_TIM1_SelectSlaveMode.c: 48: (uint8_t)TIM1_SlaveMode);
                                     66 ; genOr
      000008 1A 01            [ 1]   67 	or	a, (0x01, sp)
                                     68 ; genPointerSet
      00000A C7 52 52         [ 1]   69 	ld	0x5252, a
                                     70 ; genLabel
      00000D                         71 00101$:
                                     72 ;	../SPLSPL/src/stm8s_tim1_TIM1_SelectSlaveMode.c: 49: }
                                     73 ; genEndFunction
      00000D 84               [ 1]   74 	pop	a
      00000E 81               [ 4]   75 	ret
                                     76 	.area CODE
                                     77 	.area CONST
                                     78 	.area INITIALIZER
                                     79 	.area CABS (ABS)
