                                      1 ;--------------------------------------------------------
                                      2 ; File Created by SDCC : free open source ISO C Compiler 
                                      3 ; Version 4.4.0 #14620 (Linux)
                                      4 ;--------------------------------------------------------
                                      5 	.module stm8s_adc2_ADC2_Init
                                      6 	.optsdcc -mstm8
                                      7 	
                                      8 ;--------------------------------------------------------
                                      9 ; Public variables in this module
                                     10 ;--------------------------------------------------------
                                     11 	.globl _ADC2_ExternalTriggerConfig
                                     12 	.globl _ADC2_ConversionConfig
                                     13 	.globl _ADC2_SchmittTriggerConfig
                                     14 	.globl _ADC2_PrescalerConfig
                                     15 	.globl _ADC2_Init
                                     16 ;--------------------------------------------------------
                                     17 ; ram data
                                     18 ;--------------------------------------------------------
                                     19 	.area DATA
                                     20 ;--------------------------------------------------------
                                     21 ; ram data
                                     22 ;--------------------------------------------------------
                                     23 	.area INITIALIZED
                                     24 ;--------------------------------------------------------
                                     25 ; absolute external ram data
                                     26 ;--------------------------------------------------------
                                     27 	.area DABS (ABS)
                                     28 
                                     29 ; default segment ordering for linker
                                     30 	.area HOME
                                     31 	.area GSINIT
                                     32 	.area GSFINAL
                                     33 	.area CONST
                                     34 	.area INITIALIZER
                                     35 	.area CODE
                                     36 
                                     37 ;--------------------------------------------------------
                                     38 ; global & static initialisations
                                     39 ;--------------------------------------------------------
                                     40 	.area HOME
                                     41 	.area GSINIT
                                     42 	.area GSFINAL
                                     43 	.area GSINIT
                                     44 ;--------------------------------------------------------
                                     45 ; Home
                                     46 ;--------------------------------------------------------
                                     47 	.area HOME
                                     48 	.area HOME
                                     49 ;--------------------------------------------------------
                                     50 ; code
                                     51 ;--------------------------------------------------------
                                     52 	.area CODE
                                     53 ;	../SPLSPL/src/stm8s_adc2_ADC2_Init.c: 51: void ADC2_Init(ADC2_ConvMode_TypeDef ADC2_ConversionMode, ADC2_Channel_TypeDef ADC2_Channel, ADC2_PresSel_TypeDef ADC2_PrescalerSelection, ADC2_ExtTrig_TypeDef ADC2_ExtTrigger, FunctionalState ADC2_ExtTriggerState, ADC2_Align_TypeDef ADC2_Align, ADC2_SchmittTrigg_TypeDef ADC2_SchmittTriggerChannel, FunctionalState ADC2_SchmittTriggerState)
                                     54 ; genLabel
                                     55 ;	-----------------------------------------
                                     56 ;	 function ADC2_Init
                                     57 ;	-----------------------------------------
                                     58 ;	Register assignment is optimal.
                                     59 ;	Stack space usage: 0 bytes.
      000000                         60 _ADC2_Init:
                                     61 ; genReceive
      000000 97               [ 1]   62 	ld	xl, a
                                     63 ;	../SPLSPL/src/stm8s_adc2_ADC2_Init.c: 66: ADC2_ConversionConfig(ADC2_ConversionMode, ADC2_Channel, ADC2_Align);
                                     64 ; genIPush
      000001 7B 07            [ 1]   65 	ld	a, (0x07, sp)
      000003 88               [ 1]   66 	push	a
                                     67 ; genIPush
      000004 7B 04            [ 1]   68 	ld	a, (0x04, sp)
      000006 88               [ 1]   69 	push	a
                                     70 ; genSend
      000007 9F               [ 1]   71 	ld	a, xl
                                     72 ; genCall
      000008 CDr00r00         [ 4]   73 	call	_ADC2_ConversionConfig
                                     74 ;	../SPLSPL/src/stm8s_adc2_ADC2_Init.c: 68: ADC2_PrescalerConfig(ADC2_PrescalerSelection);
                                     75 ; genSend
      00000B 7B 04            [ 1]   76 	ld	a, (0x04, sp)
                                     77 ; genCall
      00000D CDr00r00         [ 4]   78 	call	_ADC2_PrescalerConfig
                                     79 ;	../SPLSPL/src/stm8s_adc2_ADC2_Init.c: 73: ADC2_ExternalTriggerConfig(ADC2_ExtTrigger, ADC2_ExtTriggerState);
                                     80 ; genIPush
      000010 7B 06            [ 1]   81 	ld	a, (0x06, sp)
      000012 88               [ 1]   82 	push	a
                                     83 ; genSend
      000013 7B 06            [ 1]   84 	ld	a, (0x06, sp)
                                     85 ; genCall
      000015 CDr00r00         [ 4]   86 	call	_ADC2_ExternalTriggerConfig
                                     87 ;	../SPLSPL/src/stm8s_adc2_ADC2_Init.c: 78: ADC2_SchmittTriggerConfig(ADC2_SchmittTriggerChannel, ADC2_SchmittTriggerState);
                                     88 ; genIPush
      000018 7B 09            [ 1]   89 	ld	a, (0x09, sp)
      00001A 88               [ 1]   90 	push	a
                                     91 ; genSend
      00001B 7B 09            [ 1]   92 	ld	a, (0x09, sp)
                                     93 ; genCall
      00001D CDr00r00         [ 4]   94 	call	_ADC2_SchmittTriggerConfig
                                     95 ;	../SPLSPL/src/stm8s_adc2_ADC2_Init.c: 81: ADC2->CR1 |= ADC2_CR1_ADON;
                                     96 ; genPointerGet
      000020 C6 54 01         [ 1]   97 	ld	a, 0x5401
                                     98 ; genOr
      000023 AA 01            [ 1]   99 	or	a, #0x01
                                    100 ; genPointerSet
      000025 C7 54 01         [ 1]  101 	ld	0x5401, a
                                    102 ; genLabel
      000028                        103 00101$:
                                    104 ;	../SPLSPL/src/stm8s_adc2_ADC2_Init.c: 82: }
                                    105 ; genEndFunction
      000028 1E 01            [ 2]  106 	ldw	x, (1, sp)
      00002A 5B 09            [ 2]  107 	addw	sp, #9
      00002C FC               [ 2]  108 	jp	(x)
                                    109 	.area CODE
                                    110 	.area CONST
                                    111 	.area INITIALIZER
                                    112 	.area CABS (ABS)
