                                      1 ;--------------------------------------------------------
                                      2 ; File Created by SDCC : free open source ISO C Compiler 
                                      3 ; Version 4.4.0 #14620 (Linux)
                                      4 ;--------------------------------------------------------
                                      5 	.module stm8s_tim1_TIM1_OC2Init
                                      6 	.optsdcc -mstm8
                                      7 	
                                      8 ;--------------------------------------------------------
                                      9 ; Public variables in this module
                                     10 ;--------------------------------------------------------
                                     11 	.globl _TIM1_OC2Init
                                     12 ;--------------------------------------------------------
                                     13 ; ram data
                                     14 ;--------------------------------------------------------
                                     15 	.area DATA
                                     16 ;--------------------------------------------------------
                                     17 ; ram data
                                     18 ;--------------------------------------------------------
                                     19 	.area INITIALIZED
                                     20 ;--------------------------------------------------------
                                     21 ; absolute external ram data
                                     22 ;--------------------------------------------------------
                                     23 	.area DABS (ABS)
                                     24 
                                     25 ; default segment ordering for linker
                                     26 	.area HOME
                                     27 	.area GSINIT
                                     28 	.area GSFINAL
                                     29 	.area CONST
                                     30 	.area INITIALIZER
                                     31 	.area CODE
                                     32 
                                     33 ;--------------------------------------------------------
                                     34 ; global & static initialisations
                                     35 ;--------------------------------------------------------
                                     36 	.area HOME
                                     37 	.area GSINIT
                                     38 	.area GSFINAL
                                     39 	.area GSINIT
                                     40 ;--------------------------------------------------------
                                     41 ; Home
                                     42 ;--------------------------------------------------------
                                     43 	.area HOME
                                     44 	.area HOME
                                     45 ;--------------------------------------------------------
                                     46 ; code
                                     47 ;--------------------------------------------------------
                                     48 	.area CODE
                                     49 ;	../SPLSPL/src/stm8s_tim1_TIM1_OC2Init.c: 50: void TIM1_OC2Init(TIM1_OCMode_TypeDef TIM1_OCMode,
                                     50 ; genLabel
                                     51 ;	-----------------------------------------
                                     52 ;	 function TIM1_OC2Init
                                     53 ;	-----------------------------------------
                                     54 ;	Register assignment might be sub-optimal.
                                     55 ;	Stack space usage: 4 bytes.
      000000                         56 _TIM1_OC2Init:
      000000 52 04            [ 2]   57 	sub	sp, #4
                                     58 ; genReceive
      000002 6B 04            [ 1]   59 	ld	(0x04, sp), a
                                     60 ;	../SPLSPL/src/stm8s_tim1_TIM1_OC2Init.c: 70: TIM1->CCER1 &= (uint8_t)(~( TIM1_CCER1_CC2E | TIM1_CCER1_CC2NE | 
                                     61 ; genPointerGet
      000004 C6 52 5C         [ 1]   62 	ld	a, 0x525c
                                     63 ; genAnd
      000007 A4 0F            [ 1]   64 	and	a, #0x0f
                                     65 ; genPointerSet
      000009 C7 52 5C         [ 1]   66 	ld	0x525c, a
                                     67 ;	../SPLSPL/src/stm8s_tim1_TIM1_OC2Init.c: 75: TIM1->CCER1 |= (uint8_t)((uint8_t)((uint8_t)(TIM1_OutputState & TIM1_CCER1_CC2E  ) | 
                                     68 ; genPointerGet
      00000C C6 52 5C         [ 1]   69 	ld	a, 0x525c
      00000F 6B 01            [ 1]   70 	ld	(0x01, sp), a
                                     71 ; genAnd
      000011 7B 07            [ 1]   72 	ld	a, (0x07, sp)
      000013 A4 10            [ 1]   73 	and	a, #0x10
      000015 6B 03            [ 1]   74 	ld	(0x03, sp), a
                                     75 ;	../SPLSPL/src/stm8s_tim1_TIM1_OC2Init.c: 76: (uint8_t)(TIM1_OutputNState & TIM1_CCER1_CC2NE )) | 
                                     76 ; genAnd
      000017 7B 08            [ 1]   77 	ld	a, (0x08, sp)
      000019 A4 40            [ 1]   78 	and	a, #0x40
                                     79 ; genOr
      00001B 1A 03            [ 1]   80 	or	a, (0x03, sp)
      00001D 6B 02            [ 1]   81 	ld	(0x02, sp), a
                                     82 ;	../SPLSPL/src/stm8s_tim1_TIM1_OC2Init.c: 77: (uint8_t)((uint8_t)(TIM1_OCPolarity  & TIM1_CCER1_CC2P  ) | 
                                     83 ; genAnd
      00001F 7B 0B            [ 1]   84 	ld	a, (0x0b, sp)
      000021 A4 20            [ 1]   85 	and	a, #0x20
      000023 6B 03            [ 1]   86 	ld	(0x03, sp), a
                                     87 ;	../SPLSPL/src/stm8s_tim1_TIM1_OC2Init.c: 78: (uint8_t)(TIM1_OCNPolarity & TIM1_CCER1_CC2NP )));
                                     88 ; genAnd
      000025 7B 0C            [ 1]   89 	ld	a, (0x0c, sp)
      000027 A4 80            [ 1]   90 	and	a, #0x80
                                     91 ; genOr
      000029 1A 03            [ 1]   92 	or	a, (0x03, sp)
                                     93 ; genOr
      00002B 1A 02            [ 1]   94 	or	a, (0x02, sp)
                                     95 ; genOr
      00002D 1A 01            [ 1]   96 	or	a, (0x01, sp)
                                     97 ; genPointerSet
      00002F C7 52 5C         [ 1]   98 	ld	0x525c, a
                                     99 ;	../SPLSPL/src/stm8s_tim1_TIM1_OC2Init.c: 81: TIM1->CCMR2 = (uint8_t)((uint8_t)(TIM1->CCMR2 & (uint8_t)(~TIM1_CCMR_OCM)) | 
                                    100 ; genPointerGet
      000032 C6 52 59         [ 1]  101 	ld	a, 0x5259
                                    102 ; genAnd
      000035 A4 8F            [ 1]  103 	and	a, #0x8f
                                    104 ;	../SPLSPL/src/stm8s_tim1_TIM1_OC2Init.c: 82: (uint8_t)TIM1_OCMode);
                                    105 ; genOr
      000037 1A 04            [ 1]  106 	or	a, (0x04, sp)
                                    107 ; genPointerSet
      000039 C7 52 59         [ 1]  108 	ld	0x5259, a
                                    109 ;	../SPLSPL/src/stm8s_tim1_TIM1_OC2Init.c: 85: TIM1->OISR &= (uint8_t)(~(TIM1_OISR_OIS2 | TIM1_OISR_OIS2N));
                                    110 ; genPointerGet
      00003C C6 52 6F         [ 1]  111 	ld	a, 0x526f
                                    112 ; genAnd
      00003F A4 F3            [ 1]  113 	and	a, #0xf3
                                    114 ; genPointerSet
      000041 C7 52 6F         [ 1]  115 	ld	0x526f, a
                                    116 ;	../SPLSPL/src/stm8s_tim1_TIM1_OC2Init.c: 87: TIM1->OISR |= (uint8_t)((uint8_t)(TIM1_OISR_OIS2 & TIM1_OCIdleState) | 
                                    117 ; genPointerGet
      000044 C6 52 6F         [ 1]  118 	ld	a, 0x526f
      000047 6B 02            [ 1]  119 	ld	(0x02, sp), a
                                    120 ; genAnd
      000049 7B 0D            [ 1]  121 	ld	a, (0x0d, sp)
      00004B A4 04            [ 1]  122 	and	a, #0x04
      00004D 6B 03            [ 1]  123 	ld	(0x03, sp), a
                                    124 ;	../SPLSPL/src/stm8s_tim1_TIM1_OC2Init.c: 88: (uint8_t)(TIM1_OISR_OIS2N & TIM1_OCNIdleState));
                                    125 ; genAnd
      00004F 7B 0E            [ 1]  126 	ld	a, (0x0e, sp)
      000051 A4 08            [ 1]  127 	and	a, #0x08
                                    128 ; genOr
      000053 1A 03            [ 1]  129 	or	a, (0x03, sp)
                                    130 ; genOr
      000055 1A 02            [ 1]  131 	or	a, (0x02, sp)
                                    132 ; genPointerSet
      000057 C7 52 6F         [ 1]  133 	ld	0x526f, a
                                    134 ;	../SPLSPL/src/stm8s_tim1_TIM1_OC2Init.c: 91: TIM1->CCR2H = (uint8_t)(TIM1_Pulse >> 8);
                                    135 ; genGetByte
      00005A 7B 09            [ 1]  136 	ld	a, (0x09, sp)
                                    137 ; genPointerSet
      00005C C7 52 67         [ 1]  138 	ld	0x5267, a
                                    139 ;	../SPLSPL/src/stm8s_tim1_TIM1_OC2Init.c: 92: TIM1->CCR2L = (uint8_t)(TIM1_Pulse);
                                    140 ; genCast
                                    141 ; genAssign
      00005F 7B 0A            [ 1]  142 	ld	a, (0x0a, sp)
                                    143 ; genPointerSet
      000061 C7 52 68         [ 1]  144 	ld	0x5268, a
                                    145 ; genLabel
      000064                        146 00101$:
                                    147 ;	../SPLSPL/src/stm8s_tim1_TIM1_OC2Init.c: 93: }
                                    148 ; genEndFunction
      000064 1E 05            [ 2]  149 	ldw	x, (5, sp)
      000066 5B 0E            [ 2]  150 	addw	sp, #14
      000068 FC               [ 2]  151 	jp	(x)
                                    152 	.area CODE
                                    153 	.area CONST
                                    154 	.area INITIALIZER
                                    155 	.area CABS (ABS)
