                                      1 ;--------------------------------------------------------
                                      2 ; File Created by SDCC : free open source ISO C Compiler 
                                      3 ; Version 4.4.0 #14620 (Linux)
                                      4 ;--------------------------------------------------------
                                      5 	.module stm8s_clk
                                      6 	.optsdcc -mstm8
                                      7 	
                                      8 ;--------------------------------------------------------
                                      9 ; Public variables in this module
                                     10 ;--------------------------------------------------------
                                     11 	.globl _CLKPrescTable
                                     12 	.globl _HSIDivFactor
                                     13 ;--------------------------------------------------------
                                     14 ; ram data
                                     15 ;--------------------------------------------------------
                                     16 	.area DATA
                                     17 ;--------------------------------------------------------
                                     18 ; ram data
                                     19 ;--------------------------------------------------------
                                     20 	.area INITIALIZED
                                     21 ;--------------------------------------------------------
                                     22 ; absolute external ram data
                                     23 ;--------------------------------------------------------
                                     24 	.area DABS (ABS)
                                     25 
                                     26 ; default segment ordering for linker
                                     27 	.area HOME
                                     28 	.area GSINIT
                                     29 	.area GSFINAL
                                     30 	.area CONST
                                     31 	.area INITIALIZER
                                     32 	.area CODE
                                     33 
                                     34 ;--------------------------------------------------------
                                     35 ; global & static initialisations
                                     36 ;--------------------------------------------------------
                                     37 	.area HOME
                                     38 	.area GSINIT
                                     39 	.area GSFINAL
                                     40 	.area GSINIT
                                     41 ;--------------------------------------------------------
                                     42 ; Home
                                     43 ;--------------------------------------------------------
                                     44 	.area HOME
                                     45 	.area HOME
                                     46 ;--------------------------------------------------------
                                     47 ; code
                                     48 ;--------------------------------------------------------
                                     49 	.area CODE
                                     50 	.area CODE
                                     51 	.area CONST
      000000                         52 _HSIDivFactor:
      000000 01                      53 	.db #0x01	; 1
      000001 02                      54 	.db #0x02	; 2
      000002 04                      55 	.db #0x04	; 4
      000003 08                      56 	.db #0x08	; 8
      000004                         57 _CLKPrescTable:
      000004 01                      58 	.db #0x01	; 1
      000005 02                      59 	.db #0x02	; 2
      000006 04                      60 	.db #0x04	; 4
      000007 08                      61 	.db #0x08	; 8
      000008 0A                      62 	.db #0x0a	; 10
      000009 10                      63 	.db #0x10	; 16
      00000A 14                      64 	.db #0x14	; 20
      00000B 28                      65 	.db #0x28	; 40
                                     66 	.area INITIALIZER
                                     67 	.area CABS (ABS)
